code --classic
cool-retro-term --classic
crystak --classic
docfetcher
gitkraken --classic
krita
libreoffice
nvim --classic
pinta
powershell --classic
uno-calculator --beta
